Microchip MPLAB XC8 Compiler V2.40

Linker command line:

-W-3 \
  --edf=C:\Program Files\Microchip\xc8\v2.40\pic\dat\20220703182018_en.msgs \
  -cn -h+dist/default/production\practica3.X.production.sym \
  --cmf=dist/default/production\practica3.X.production.cmf -z -Q18F47Q10 \
  -oC:\Users\eloyc\AppData\Local\Temp\xcAse4k.4 --defsym=__MPLAB_BUILD=1 \
  --fixupoverflow=error \
  -Mdist/default/production/practica3.X.production.map \
  --md=C:\Users\eloyc\AppData\Local\Temp\xcAse4k.dat -E1 -ver=XC8 Compiler \
  --acfsm=1493 -ACODE=00h-01FFFFh -ACONST=00h-01FFFFh \
  -ASMALLCONST=01000h-010FFhx496 \
  -AMEDIUMCONST=01000h-0FFFFh,011000h-01FFFFh -ACOMRAM=01h-05Fh \
  -AABS1=00h-0E1Eh -ABIGRAM=01h-0E1Eh \
  -ARAM=060h-0FFh,0100h-01FFhx13,0E00h-0E1Eh -ABANK0=060h-0FFh \
  -ABANK1=0100h-01FFh -ABANK2=0200h-02FFh -ABANK3=0300h-03FFh \
  -ABANK4=0400h-04FFh -ABANK5=0500h-05FFh -ABANK6=0600h-06FFh \
  -ABANK7=0700h-07FFh -ABANK8=0800h-08FFh -ABANK9=0900h-09FFh \
  -ABANK10=0A00h-0AFFh -ABANK11=0B00h-0BFFh -ABANK12=0C00h-0CFFh \
  -ABANK13=0D00h-0DFFh -ABANK14=0E00h-0E1Eh \
  -ASFR=0E1Fh-0EFFh,0F00h-0F5Fh,0F60h-0FFFh -ABIGSFR=0E1Fh-0FFFh \
  -ACONFIG=0300000h-030000Bh -AIDLOC=0200000h-02000FFh \
  -AEEDATA=0310000h-03103FFh -peeprom_data=EEDATA \
  -preset_vec=00h,intcode=08h,intcodelo,powerup,init -pramtop=01000h \
  -psmallconst=SMALLCONST -pmediumconst=MEDIUMCONST -pconst=CONST \
  -AFARRAM=00h-00h \
  -prdata=COMRAM,nvrram=COMRAM,nvbit=COMRAM,rbss=COMRAM,rbit=COMRAM \
  -pfarbss=FARRAM,fardata=FARRAM,nvFARRAM=FARRAM \
  -pintsave_regs=BIGRAM,bigbss=BIGRAM,bigdata=BIGRAM -pbss=RAM \
  -pidata=CODE,irdata=CODE,ibigdata=CODE,ifardata=CODE -prparam=COMRAM \
  C:\Users\eloyc\AppData\Local\Temp\xcAse4k.o \
  dist/default/production\practica3.X.production.o 

Object code version is 3.11

Machine type is 18F47Q10



                Name                               Link     Load   Length Selector   Space Scale
C:\Users\eloyc\AppData\Local\Temp\xcAse4k.o
                idloc                            200000   200000      100        0       5
                config                           300000   300000        C        0       4
                init                                 92       92        4        4       0
                reset_vec                             0        0        4        0       0
dist/default/production\practica3.X.production.o
                intcode                               8        8       8A        4       0
                idloc                            200000   200000      100        0       5
                config                           300000   300000        C        0       4
                temp                                  E        E        1        1       1
                text8                                96       96       44        4       0
                text6                                DA       DA       34        4       0
                text5                               1D0      1D0       12        4       0
                text4                               1E2      1E2        C        4       0
                text3                               13E      13E       30        4       0
                text2                               19C      19C       22        4       0
                text1                               16E      16E       2E        4       0
                text0                               10E      10E       30        4       0
                cstackCOMRAM                          1        1        9        1       1
                bssCOMRAM                             A        A        4        1       1
                cinit                               1BE      1BE       12        4       0

TOTAL           Name                               Link     Load   Length     Space
        CLASS   CODE           
                intcode                               8        8       8A         0
                init                                 92       92        4         0
                reset_vec                             0        0        4         0
                text8                                96       96       44         0
                text6                                DA       DA       34         0
                text5                               1D0      1D0       12         0
                text4                               1E2      1E2        C         0
                text3                               13E      13E       30         0
                text2                               19C      19C       22         0
                text1                               16E      16E       2E         0
                text0                               10E      10E       30         0
                cinit                               1BE      1BE       12         0

        CLASS   CONST          

        CLASS   SMALLCONST     

        CLASS   MEDIUMCONST    

        CLASS   COMRAM         
                temp                                  E        E        1         1
                cstackCOMRAM                          1        1        9         1
                bssCOMRAM                             A        A        4         1

        CLASS   ABS1           

        CLASS   BIGRAM         

        CLASS   RAM            

        CLASS   BANK0          

        CLASS   BANK1          

        CLASS   BANK2          

        CLASS   BANK3          

        CLASS   BANK4          

        CLASS   BANK5          

        CLASS   BANK6          

        CLASS   BANK7          

        CLASS   BANK8          

        CLASS   BANK9          

        CLASS   BANK10         

        CLASS   BANK11         

        CLASS   BANK12         

        CLASS   BANK13         

        CLASS   BANK14         

        CLASS   SFR            

        CLASS   BIGSFR         

        CLASS   CONFIG         
                config                           300000   300000        C         4

        CLASS   IDLOC          
                idloc                            200000   200000      100         5

        CLASS   EEDATA         

        CLASS   FARRAM         

        CLASS   HEAP           

        CLASS   STACK          



SEGMENTS        Name                           Load    Length   Top    Selector   Space  Class

                reset_vec                      000000  000004  000004         0       0  CODE    
                cstackCOMRAM                   000001  00000E  00000F         1       1  COMRAM  
                intcode                        000008  0001E6  0001EE         4       0  CODE    


UNUSED ADDRESS RANGES

        Name                Unused          Largest block    Delta
        BANK0            000060-0000FF               A0
        BANK1            000100-0001FF              100
        BANK10           000A00-000AFF              100
        BANK11           000B00-000BFF              100
        BANK12           000C00-000CFF              100
        BANK13           000D00-000DFF              100
        BANK14           000E00-000E1E               1F
        BANK2            000200-0002FF              100
        BANK3            000300-0003FF              100
        BANK4            000400-0004FF              100
        BANK5            000500-0005FF              100
        BANK6            000600-0006FF              100
        BANK7            000700-0007FF              100
        BANK8            000800-0008FF              100
        BANK9            000900-0009FF              100
        BIGRAM           00000F-000E1E              E10
        BIGSFR           000E1F-000FFF              1E1
        CODE             000004-000007                4
                         0001EE-01FFFF            1FE12
        COMRAM           00000F-00005F               51
        CONST            000004-000007                4
                         0001EE-01FFFF            1FE12
        EEDATA           310000-3103FF              400
        MEDIUMCONST      001000-00FFFF             F000
                         011000-01FFFF             F000
        RAM              000060-000E1E              100
        SFR              000E1F-000FFF               E1
        SMALLCONST       001000-01FFFF              100

                                  Symbol Table

_ADACQ                   (abs)        000F57
_ADACT                   (abs)        000F51
_ADCON0                  (abs)        000F5B
_ADCON0bits              (abs)        000F5B
_ADCON1                  (abs)        000F54
_ADCON2                  (abs)        000F55
_ADCON3                  (abs)        000F56
_ADPCH                   (abs)        000F5A
_ADREF                   (abs)        000F53
_ADRES                   (abs)        000F5E
_ADRPT                   (abs)        000F61
_ANSELA                  (abs)        000F0C
_ANSELBbits              (abs)        000F14
_ANSELCbits              (abs)        000F1C
_CCP2CON                 (abs)        000FA7
_CCP2CONbits             (abs)        000FA7
_CCPR2                   (abs)        000FA5
_CCPTMRSbits             (abs)        000FAD
_INT0PPS                 (abs)        000E9C
_INTCONbits              (abs)        000FF2
_IPR0bits                (abs)        000EB5
_IPR4bits                (abs)        000EB9
_LATA                    (abs)        000F82
_LATCbits                (abs)        000F84
_PIE0bits                (abs)        000EBD
_PIE4bits                (abs)        000EC1
_PIR0bits                (abs)        000EC5
_PIR4bits                (abs)        000EC9
_RC1PPS                  (abs)        000EF3
_T1CKIPPS                (abs)        000EA0
_T1CLK                   (abs)        000FD1
_T1CON                   (abs)        000FCE
_T1CONbits               (abs)        000FCE
_T1GCON                  (abs)        000FCF
_T2CLKCON                (abs)        000FBE
_T2CON                   (abs)        000FBC
_T2PR                    (abs)        000FBB
_T3CLK                   (abs)        000FCB
_T3CON                   (abs)        000FC8
_T3CONbits               (abs)        000FC8
_T3GCON                  (abs)        000FC9
_T3GCONbits              (abs)        000FC9
_T3GPPS                  (abs)        000EA3
_TMR1                    (abs)        000FCC
_TMR3                    (abs)        000FC6
_TMR3GATE                (abs)        000FCA
_TRISA                   (abs)        000F87
_TRISBbits               (abs)        000F88
_TRISCbits               (abs)        000F89
__HRAM                   (abs)        000000
__Habs1                  abs1         000000
__Hbank0                 bank0        000000
__Hbank1                 bank1        000000
__Hbank10                bank10       000000
__Hbank11                bank11       000000
__Hbank12                bank12       000000
__Hbank13                bank13       000000
__Hbank14                bank14       000000
__Hbank2                 bank2        000000
__Hbank3                 bank3        000000
__Hbank4                 bank4        000000
__Hbank5                 bank5        000000
__Hbank6                 bank6        000000
__Hbank7                 bank7        000000
__Hbank8                 bank8        000000
__Hbank9                 bank9        000000
__Hbigbss                bigbss       000000
__Hbigdata               bigdata      000000
__Hbigram                bigram       000000
__Hbigsfr                bigsfr       000000
__Hbss                   bss          000000
__HbssCOMRAM             bssCOMRAM    000000
__Hcinit                 cinit        000000
__Hclrtext               clrtext      000000
__Hcomram                comram       000000
__Hconfig                config       30000C
__Hconst                 const        000000
__HcstackCOMRAM          cstackCOMRAM 000000
__Hdata                  data         000000
__Heeprom_data           eeprom_data  000000
__Hfarbss                farbss       000000
__Hfardata               fardata      000000
__Hheap                  heap         000000
__Hibigdata              ibigdata     000000
__Hidata                 idata        000000
__Hidloc                 idloc        200100
__Hifardata              ifardata     000000
__Hinit                  init         000096
__Hintcode               intcode      000092
__Hintcode_body          intcode_body 000000
__Hintcodelo             intcodelo    000092
__Hintentry              intentry     000000
__Hintret                intret       000000
__Hintsave_regs          intsave_regs 000000
__Hirdata                irdata       000000
__Hmediumconst           mediumconst  000000
__HnvFARRAM              nvFARRAM     000000
__Hnvbit                 nvbit        000000
__Hnvrram                nvrram       000000
__Hparam                 rparam       000000
__Hpowerup               powerup      000092
__Hram                   ram          000000
__Hramtop                ramtop       001000
__Hrbit                  rbit         000000
__Hrbss                  rbss         000000
__Hrdata                 rdata        000000
__Hreset_vec             reset_vec    000004
__Hrparam                rparam       000000
__Hsfr                   sfr          000000
__Hsmallconst            smallconst   000000
__Hspace_0               (abs)        001000
__Hspace_1               (abs)        00000F
__Hspace_2               (abs)        000000
__Hspace_4               (abs)        60000C
__Hstack                 stack        000000
__Hstruct                struct       000000
__Htemp                  temp         00000F
__Htext                  text         000000
__Htext0                 text0        000000
__Htext1                 text1        000000
__Htext2                 text2        000000
__Htext3                 text3        000000
__Htext4                 text4        000000
__Htext5                 text5        000000
__Htext6                 text6        000000
__Htext8                 text8        000000
__LRAM                   (abs)        000001
__Labs1                  abs1         000000
__Lbank0                 bank0        000000
__Lbank1                 bank1        000000
__Lbank10                bank10       000000
__Lbank11                bank11       000000
__Lbank12                bank12       000000
__Lbank13                bank13       000000
__Lbank14                bank14       000000
__Lbank2                 bank2        000000
__Lbank3                 bank3        000000
__Lbank4                 bank4        000000
__Lbank5                 bank5        000000
__Lbank6                 bank6        000000
__Lbank7                 bank7        000000
__Lbank8                 bank8        000000
__Lbank9                 bank9        000000
__Lbigbss                bigbss       000000
__Lbigdata               bigdata      000000
__Lbigram                bigram       000000
__Lbigsfr                bigsfr       000000
__Lbss                   bss          000000
__LbssCOMRAM             bssCOMRAM    000000
__Lcinit                 cinit        000000
__Lclrtext               clrtext      000000
__Lcomram                comram       000000
__Lconfig                config       000000
__Lconst                 const        000000
__LcstackCOMRAM          cstackCOMRAM 000000
__Ldata                  data         000000
__Leeprom_data           eeprom_data  000000
__Lfarbss                farbss       000000
__Lfardata               fardata      000000
__Lheap                  heap         000000
__Libigdata              ibigdata     000000
__Lidata                 idata        000000
__Lidloc                 idloc        000000
__Lifardata              ifardata     000000
__Linit                  init         000092
__Lintcode               intcode      000008
__Lintcode_body          intcode_body 000000
__Lintcodelo             intcodelo    000092
__Lintentry              intentry     000000
__Lintret                intret       000000
__Lintsave_regs          intsave_regs 000000
__Lirdata                irdata       000000
__Lmediumconst           mediumconst  000000
__LnvFARRAM              nvFARRAM     000000
__Lnvbit                 nvbit        000000
__Lnvrram                nvrram       000000
__Lparam                 rparam       000000
__Lpowerup               powerup      000092
__Lram                   ram          000000
__Lramtop                ramtop       001000
__Lrbit                  rbit         000000
__Lrbss                  rbss         000000
__Lrdata                 rdata        000000
__Lreset_vec             reset_vec    000000
__Lrparam                rparam       000000
__Lsfr                   sfr          000000
__Lsmallconst            smallconst   000000
__Lspace_0               (abs)        000000
__Lspace_1               (abs)        000000
__Lspace_2               (abs)        000000
__Lspace_4               (abs)        000000
__Lstack                 stack        000000
__Lstruct                struct       000000
__Ltemp                  temp         00000E
__Ltext                  text         000000
__Ltext0                 text0        000000
__Ltext1                 text1        000000
__Ltext2                 text2        000000
__Ltext3                 text3        000000
__Ltext4                 text4        000000
__Ltext5                 text5        000000
__Ltext6                 text6        000000
__Ltext8                 text8        000000
__S0                     (abs)        0001EE
__S1                     (abs)        00000F
__S4                     (abs)        000000
__S5                     (abs)        000000
___heap_hi               (abs)        000000
___heap_lo               (abs)        000000
___inthi_sp              stack        000000
___intlo_sp              stack        000000
___param_bank            (abs)        000000
___rparam_used           (abs)        000001
___sp                    stack        000000
__accesstop              (abs)        000060
__activetblptr           (abs)        000000
__end_of__initialization cinit        0001C6
__end_of_configuraAD     text6        00010E
__end_of_configuraINT0   text5        0001E2
__end_of_configuraPA     text4        0001EE
__end_of_configuraPWM    text3        00016E
__end_of_configuraT1     text2        0001BE
__end_of_configuraT3     text1        00019C
__end_of_interrupciones  intcode      000092
__end_of_main            text0        00013E
__end_of_regulacion      text8        0000DA
__initialization         cinit        0001BE
__mediumconst            mediumconst  000000
__pbssCOMRAM             bssCOMRAM    00000A
__pcinit                 cinit        0001BE
__pcstackCOMRAM          cstackCOMRAM 000001
__pintcode               intcode      000008
__ptext0                 text0        00010E
__ptext1                 text1        00016E
__ptext2                 text2        00019C
__ptext3                 text3        00013E
__ptext4                 text4        0001E2
__ptext5                 text5        0001D0
__ptext6                 text6        0000DA
__ptext8                 text8        000096
__ramtop                 ramtop       001000
__smallconst             smallconst   000000
_configuraAD             text6        0000DA
_configuraINT0           text5        0001D0
_configuraPA             text4        0001E2
_configuraPWM            text3        00013E
_configuraT1             text2        00019C
_configuraT3             text1        00016E
_interrupciones          intcode      000008
_main                    text0        00010E
_regulacion              text8        000096
_suma                    bssCOMRAM    00000A
_velocidad_act           bssCOMRAM    00000C
btemp                    temp         00000E
end_of_initialization    cinit        0001C6
int$flags                temp         00000E
intlevel0                text         000000
intlevel1                text         000000
intlevel2                text         000000
intlevel3                text         000000
isa$std                  (abs)        000001
isa$xinst                (abs)        000000
stackhi                  (abs)        000000
stacklo                  (abs)        000000
start                    init         000092
start_initialization     cinit        0001BE
ttemp5                   temp         00000F
ttemp6                   temp         000012
ttemp7                   temp         000016
wtemp8                   temp         00000F


MODULE INFORMATION

Module		Function		Class		Link	Load	Size
pr3.c
		_regulacion    		CODE           	0096	0000	68
		_configuraT1   		CODE           	019C	0000	34
		_configuraT3   		CODE           	016E	0000	46
		_configuraAD   		CODE           	00DA	0000	52
		_configuraPA   		CODE           	01E2	0000	12
		_configuraPWM  		CODE           	013E	0000	48
		_configuraINT0 		CODE           	01D0	0000	18
		_main          		CODE           	010E	0000	48
		_interrupciones		CODE           	0008	0000	138

pr3.c estimated size: 464

shared
		__initialization		CODE           	01BE	0000	8

shared estimated size: 8

